// Jest Snapshot v1, https://goo.gl/fbAQLP

exports[`ErrorBoundary renders children when there is no error 1`] = `
<Text>
  Child Component
</Text>
`;

exports[`ErrorBoundary renders error UI when an error occurs 1`] = `
<View
  style={
    {
      "alignItems": "center",
      "backgroundColor": "#fff",
      "flex": 1,
      "justifyContent": "center",
      "padding": 24,
    }
  }
>
  <Text
    style={
      {
        "fontSize": 20,
        "marginBottom": 12,
      }
    }
  >
    Something went wrong.
  </Text>
  <Text
    style={
      {
        "fontSize": 14,
        "marginBottom": 24,
        "textAlign": "center",
      }
    }
  >
    Test error
  </Text>
  <View
    accessibilityRole="button"
    accessibilityState={
      {
        "busy": undefined,
        "checked": undefined,
        "disabled": undefined,
        "expanded": undefined,
        "selected": undefined,
      }
    }
    accessibilityValue={
      {
        "max": undefined,
        "min": undefined,
        "now": undefined,
        "text": undefined,
      }
    }
    accessible={true}
    collapsable={false}
    focusable={true}
    onClick={[Function]}
    onResponderGrant={[Function]}
    onResponderMove={[Function]}
    onResponderRelease={[Function]}
    onResponderTerminate={[Function]}
    onResponderTerminationRequest={[Function]}
    onStartShouldSetResponder={[Function]}
    style={
      {
        "opacity": 1,
      }
    }
  >
    <View
      style={
        [
          {},
        ]
      }
    >
      <Text
        style={
          [
            {
              "color": "#007AFF",
              "fontSize": 18,
              "margin": 8,
              "textAlign": "center",
            },
          ]
        }
      >
        Try Again
      </Text>
    </View>
  </View>
</View>
`;
