// Jest Snapshot v1, https://goo.gl/fbAQLP

exports[`DataErrorView renders correctly 1`] = `
<View
  entering={
    {
      "build": [Function],
    }
  }
  style={
    {
      "alignItems": "center",
      "backgroundColor": "#FFFFFF",
      "flex": 1,
      "justifyContent": "center",
      "padding": 24,
    }
  }
>
  <View
    style={
      {
        "alignItems": "center",
        "maxWidth": 300,
      }
    }
  >
    <View
      style={
        {
          "alignItems": "center",
          "backgroundColor": "#F5F5F5",
          "borderRadius": 32,
          "height": 64,
          "justifyContent": "center",
          "marginBottom": 16,
          "width": 64,
        }
      }
    >
      <Text
        style={
          {
            "fontSize": 32,
          }
        }
      >
        ⚠️
      </Text>
    </View>
    <Text
      style={
        {
          "color": "#000000",
          "fontFamily": "Rubik-Medium",
          "fontSize": 18,
          "marginBottom": 12,
          "textAlign": "center",
        }
      }
    >
      Unable to load content
    </Text>
    <View
      accessibilityState={
        {
          "busy": undefined,
          "checked": undefined,
          "disabled": undefined,
          "expanded": undefined,
          "selected": undefined,
        }
      }
      accessibilityValue={
        {
          "max": undefined,
          "min": undefined,
          "now": undefined,
          "text": undefined,
        }
      }
      accessible={true}
      collapsable={false}
      focusable={true}
      onBlur={[Function]}
      onClick={[Function]}
      onFocus={[Function]}
      onResponderGrant={[Function]}
      onResponderMove={[Function]}
      onResponderRelease={[Function]}
      onResponderTerminate={[Function]}
      onResponderTerminationRequest={[Function]}
      onStartShouldSetResponder={[Function]}
      style={
        {
          "backgroundColor": "#000000",
          "borderRadius": 12,
          "marginTop": 12,
          "paddingHorizontal": 24,
          "paddingVertical": 12,
        }
      }
    >
      <Text
        style={
          {
            "color": "#FFFFFF",
            "fontFamily": "Rubik-Medium",
            "fontSize": 16,
          }
        }
      >
        Try Again
      </Text>
    </View>
  </View>
</View>
`;
