// Jest Snapshot v1, https://goo.gl/fbAQLP

exports[`CloseButton renders correctly 1`] = `
<View
  accessibilityState={
    {
      "busy": undefined,
      "checked": undefined,
      "disabled": undefined,
      "expanded": undefined,
      "selected": undefined,
    }
  }
  accessibilityValue={
    {
      "max": undefined,
      "min": undefined,
      "now": undefined,
      "text": undefined,
    }
  }
  accessible={true}
  collapsable={false}
  focusable={true}
  onClick={[Function]}
  onResponderGrant={[Function]}
  onResponderMove={[Function]}
  onResponderRelease={[Function]}
  onResponderTerminate={[Function]}
  onResponderTerminationRequest={[Function]}
  onStartShouldSetResponder={[Function]}
  style={
    {
      "alignItems": "center",
      "backgroundColor": "#000000",
      "borderRadius": 16,
      "height": 32,
      "justifyContent": "center",
      "opacity": 1,
      "position": "absolute",
      "right": 17,
      "top": 71,
      "width": 32,
      "zIndex": 10,
    }
  }
>
  <Text
    style={
      {
        "color": "#FFFFFF",
        "fontSize": 24,
        "fontWeight": "400",
        "textAlign": "center",
      }
    }
  >
    Ã—
  </Text>
</View>
`;
